// Jest Snapshot v1, https://goo.gl/fbAQLP

exports[`Home screen Should match snapshot 1`] = `
<div
  className="sc-bdVaJa bvPUMP"
>
  <h1
    className="sc-bwzfXH kwYnvM"
  >
    Game of Thrones
  </h1>
  <ul
    className="sc-htpNat hHtpcc"
  >
    <li
      className="sc-bxivhb eBNJKg"
    >
      Targaryen
    </li>
    <li
      className="sc-bxivhb eBNJKg"
    >
      Stark
    </li>
  </ul>
</div>
`;
